// Jest Snapshot v1, https://goo.gl/fbAQLP

exports[`SearchBar should render 1`] = `
<div>
  <div
    class="w-screen flex flex-row p-8 items-center justify-between bg-white shadow-xs border solid"
  >
    <div
      class="text-lg text-gray-700 hidden md:flex"
    >
      Fake Youtube App
    </div>
    <span
      class="w-screen md:w-1/3 h-10 bg-gray-200 cursor-pointer rounded-full"
    >
      <div
        class="relative"
      >
        <input
          class="sm:text-base relative w-full rounded-full border focus:outline-none py-2 pr-2 pl-12 "
          data-testid="search-input"
          name="search"
          placeholder="Search"
          type="search"
        />
      </div>
    </span>
  </div>
</div>
`;
